// Jest Snapshot v1, https://goo.gl/fbAQLP

exports[`BCC Dashboard scheudle screen Component to be rendered 1`] = `
<View
  style={
    Array [
      Object {
        "height": 1040.52,
        "justifyContent": "space-between",
      },
    ]
  }
>
  <View
    style={
      Object {
        "alignItems": "center",
      }
    }
  >
    <ScheduleOption
      accessibilityHintText="Activate it to set the thermstat on No Schedule mode."
      scheduleName="No Schedule"
      selected={true}
      setSelected={[Function]}
      testID="noSchedule"
    />
    <View
      style={
        Object {
          "borderBottomColor": "#BFC0C2",
          "borderBottomWidth": 1,
          "paddingVertical": 20,
          "width": "100%",
        }
      }
    >
      <CustomText
        accessibilityHintText="Here you will find the list of schedules created for the device."
        allowFontScaling={true}
        font="bold"
        size={18}
        text="Programmed Schedule"
      />
    </View>
    <ScheduleOption
      accessibilityHintText="Activate to set Home schedule on the device."
      accessibilityLabelText="Home schedule."
      modelId="1"
      navigation={
        Object {
          "getParam": [Function],
        }
      }
      onDelete={[Function]}
      scheduleName="Home"
      setSelected={[Function]}
      setSelectedSchedule={[Function]}
      testID="scheduleOption0"
    />
    <ScheduleOption
      accessibilityHintText="Activate to set Vacation schedule on the device."
      accessibilityLabelText="Vacation schedule."
      modelId="2"
      navigation={
        Object {
          "getParam": [Function],
        }
      }
      onDelete={[Function]}
      scheduleName="Vacation"
      selected={false}
      setSelected={[Function]}
      setSelectedSchedule={[Function]}
      testID="scheduleOption1"
    />
    <ScheduleOption
      accessibilityHintText="Activate to set Test schedule on the device."
      accessibilityLabelText="Test schedule."
      modelId="4"
      navigation={
        Object {
          "getParam": [Function],
        }
      }
      onDelete={[Function]}
      scheduleName="Test"
      selected={false}
      setSelected={[Function]}
      setSelectedSchedule={[Function]}
      testID="scheduleOption2"
    />
  </View>
  <View
    style={
      Object {
        "marginHorizontal": 15,
      }
    }
  >
    <Button
      accessibilityLabelText="Add Schedule. "
      disabled={false}
      icon="bosch-ic-add-frame"
      onPress={[Function]}
      testID="addFrame"
      text="Add Schedule"
      type="primary"
    />
  </View>
  <ModalComponent
    closeModal={[Function]}
    modalVisible={false}
  >
    <View
      style={
        Object {
          "width": "97%",
        }
      }
    >
      <CustomText
        allowFontScaling={true}
        font="bold"
        style={
          Object {
            "marginBottom": 45,
          }
        }
        text="Add New Schedule"
      />
      <CustomInputText
        isRequiredField={true}
        maxLength={10}
        onChange={[Function]}
        placeholder="Schedule Name"
        testID="newSchedule"
        value=""
      />
      <View
        style={
          Array [
            Object {
              "marginBottom": 10,
            },
            Object {
              "marginTop": 47,
            },
          ]
        }
      >
        <Button
          accessibilityHintText="Removes the device from users account"
          accessibilityLabelText="Save"
          disabled={true}
          onPress={[Function]}
          testID="addNewSchedule"
          text="Save"
          type="primary"
        />
      </View>
      <Button
        accessibilityHintText="Cancel."
        accessibilityLabelText="Cancel"
        onPress={[Function]}
        testID="cancelNewSchedule"
        text="Cancel"
        type="secondary"
      />
    </View>
  </ModalComponent>
</View>
`;
