// Jest Snapshot v1, https://goo.gl/fbAQLP

exports[`Thermostat display component Component to be rendered 1`] = `
<View
  accessible={true}
  collapsable={false}
  focusable={true}
  onBlur={[Function]}
  onClick={[Function]}
  onFocus={[Function]}
  onResponderGrant={[Function]}
  onResponderMove={[Function]}
  onResponderRelease={[Function]}
  onResponderTerminate={[Function]}
  onResponderTerminationRequest={[Function]}
  onStartShouldSetResponder={[Function]}
  style={
    Array [
      Object {
        "borderColor": "rgba(223,223,223,1)",
        "borderWidth": 1,
        "flexDirection": "row",
        "marginVertical": 5,
        "paddingVertical": 30,
      },
      Object {
        "paddingVertical": 10,
      },
    ]
  }
>
  <View
    accessible={true}
    style={
      Object {
        "alignItems": "center",
        "width": "50%",
      }
    }
  >
    <Image
      accessible={false}
      source={
        Object {
          "testUri": "../../../src/assets/images/BCC100.png",
        }
      }
      style={
        Object {
          "height": 140,
          "resizeMode": "contain",
          "width": 140,
        }
      }
    />
  </View>
  <View
    style={
      Object {
        "width": "50%",
      }
    }
  >
    <View
      accessibilityLabel="Test. Device type: Thermostat."
      accessible={true}
      style={
        Array [
          Object {
            "flexDirection": "column",
          },
          Object {
            "marginTop": 20,
            "width": "60%",
          },
        ]
      }
    >
      <Text
        accessible={true}
        numberOfLines={0}
        style={
          Array [
            Object {
              "textAlign": "left",
            },
            Object {
              "color": "#000000",
            },
            Object {
              "fontSize": 14,
              "lineHeight": 21,
            },
            Object {
              "fontFamily": "BoschSans-Medium",
            },
            Object {},
          ]
        }
      >
        Test
      </Text>
      <Text
        accessible={true}
        numberOfLines={0}
        style={
          Array [
            Object {
              "textAlign": "left",
            },
            Object {
              "color": "#C1C7CC",
            },
            Object {
              "fontSize": 12,
              "lineHeight": 18,
            },
            Object {
              "fontFamily": "BoschSans-Medium",
            },
            Object {},
          ]
        }
      >
        Thermostat
      </Text>
    </View>
    <View
      style={
        Object {
          "position": "absolute",
          "right": 5,
          "top": -5,
        }
      }
    >
      <View
        accessibilityHint="Press it to select Test as the device to add."
        accessibilityLabel="Radio button to select Test. "
        accessible={true}
        collapsable={false}
        focusable={true}
        onClick={[Function]}
        onResponderGrant={[Function]}
        onResponderMove={[Function]}
        onResponderRelease={[Function]}
        onResponderTerminate={[Function]}
        onResponderTerminationRequest={[Function]}
        onStartShouldSetResponder={[Function]}
        style={
          Object {
            "opacity": 1,
          }
        }
      >
        <View
          style={
            Array [
              Object {
                "alignItems": "center",
                "borderRadius": 12,
                "height": 24,
                "justifyContent": "center",
                "marginLeft": 40,
                "width": 24,
              },
              Object {
                "backgroundColor": "rgba(164, 171, 179, 1)",
              },
            ]
          }
        />
      </View>
    </View>
  </View>
</View>
`;
