// Jest Snapshot v1, https://goo.gl/fbAQLP

exports[`Weather forecast Component Component to be rendered 1`] = `
<View
  style={
    Object {
      "alignItems": "center",
      "marginHorizontal": 5,
    }
  }
>
  <CustomText
    accessibilityLabelText=""
    accessible={true}
    allowFontScaling={true}
    color="#FFFFFF"
    font="regular"
    size={10}
    style={
      Object {
        "marginBottom": 1,
      }
    }
    text="Today"
  />
  <CustomText
    accessibilityLabelText=" "
    accessible={true}
    allowFontScaling={true}
    color="#FFFFFF"
    font="medium"
    size={12}
    style={
      Object {
        "marginBottom": 9,
      }
    }
    text="H:70°/L:60°"
  />
  <View
    accessibilityLabel=""
    style={
      Object {
        "height": 20,
        "justifyContent": "center",
      }
    }
  >
    <Image
      source={
        Object {
          "testUri": "../../../src/assets/images/backgroundsWeather/icons/Cloudy.png",
        }
      }
      style={
        Object {
          "height": 20,
          "width": 20,
        }
      }
    />
  </View>
</View>
`;
